;;; world/regions/glasswood.map - Glasswood's rooms, laid out, with one
;;; intent each: topics/harkfell-glasswood-map, ruled by David 2026-09-26
;;; (D41-D46). West of the Hollow and lower, at negative x.
;;;
;;; The full layout (the ROOMS slice writes it in three batches: the caves
;;; and the fall's foot; the crowns and pockets; the floor):
;;;
;;;   x-6  x-5  x-4  x-3  x-2  x-1  x0
;;;   J -  I -  H -  G -  F    B -  A      y3  the crowns (sky above)
;;;        |    |         |    |    |
;;;   N -  M -  L -  K -  E -  D -  C      y4  the wood floor
;;;        |                        #
;;;   P -  O -  Q -  R -  S -  U -  V      y5  the fall's foot, the glass caves
;;;                  |
;;;                  T                     y6  the Ice Well
;;;
;;; C and V are joined through a green stone (H3), set in the Scree Foot one
;;; cell in from the shared edge (the map draws it as an open join). The Glass
;;; Chute's dark chamber is reached from the Old Birch without H3 (the dark
;;; room before H3, 2026-09-27); its own green stone is the door to the caves.
;;;
;;; ALL 22 ROOMS ARE WRITTEN (the ROOMS slice, 2026-09-27). Behind the Fall
;;; waits for SYSTEMS' upward icicle (D43).
(map
  region: glasswood
  origin: (-6 3)
  layout:
  ("J-I-H-G-F B-A"
   "  | |   | | |"
   "N-M-L-K-E-D-C"
   "  |         |"
   "P-O-Q-R-S-U-V"
   "        |    "
   "        T    ")
  rooms:
  ((A "The Scree" "through the old stone door, scree falls away west into mist, and the birches glitter far below")
   (B "First Sight" "the scree's last shoulder over the mist, where the whole glazed wood glitters below: a breath")
   (C "Scree Foot" "the foot of the scree, where a pale green stone is set in the rock: a door you cannot open yet")
   (D "Icicle Walk" "the first falling ice: icicles over the path, and one that rings, shivers and falls where a hit costs a few steps")
   (E "Owl's Watch" "a snow owl on a high branch turns its head to follow you: a breath at the foot of the branches")
   (F "Branch Stair" "birch branches like the rungs of a ladder, up out of the snow into the light, and down again through them")
   (G "The Crowns" "the tops of the wood under the whole sky, every twig in glass and clinking in the wind: a breath")
   (H "Crown Gap" "a gap between two crowns taken at a run; miss, and you drop onto the frozen tarn")
   (I "Fall's Head" "where the stream froze as it went over the edge, and the note you are following comes up from below")
   (J "The Last Birches" "the wood's far edge under the whole sky, looking west over a white valley nobody has walked: a breath")
   (K "Icicle Gallery" "a long overhang hung with icicles: listen for each one, wait, and go")
   (L "The Frozen Tarn" "a tarn frozen clear as glass, with stones the old people sank lying under the ice: stand still and it sings")
   (M "The Frozen Fall" "a waterfall frozen mid-fall: glass on one side, rough rock on the other, and a chimney between them")
   (N "Behind the Fall" "a hollow behind the frozen curtain that a careful eye finds, where one icicle grows upward and hums a note no stone has")
   (O "The Old Birch" "at the foot of the fall, the oldest birch in the wood, hollow, where the moths winter, and the note you followed among them")
   (P "Snow Hollow" "a hollow of deep snow beside the old birch, where voles come up to look at you if you stand still: a breath")
   (Q "Glass Chute" "behind a green stone, the fall's pool drains under the wood down a chute of clear ice, into the dark")
   (R "Blue Hall" "a hall of blue ice under the wood, where the moths come to you and light the walls: the first cave they fill")
   (S "Meltwater" "a pool of meltwater under the ice, swum by the moths' light")
   (T "The Ice Well" "a well of clear ice going down from the meltwater to a cold blue stone: somewhere deeper, not yet")
   (U "Root Ice" "a low cave where the birches' roots hang down through the ice: a breath in the dark")
   (V "Cave Mouth" "the caves' east end, a climb up to the back of the green stone, which rings and opens as you come carrying H3"))
  borders: ((A east)))
